
> frontend@0.0.0 build
> tsc -b && vite build

vite v8.0.13 building client environment for production...
[2Ktransforming...Unable to resolve `@import "../design-system/build/outputs/css/tokens.css"` from /Users/brianyongwookchae/orca/workspaces/mindbreeze_2.0/develop/frontend/src
✓ 908 modules transformed.
rendering chunks...
computing gzip size...
dist/index.html                                     0.84 kB │ gzip:   0.59 kB
dist/assets/style-BOw5FaFz.css                    195.90 kB │ gzip:  36.68 kB
dist/assets/dashboard-DfVaZCeM.js                   0.12 kB │ gzip:   0.11 kB
dist/assets/ClientLoginPage-BwKMWDtl.js             0.14 kB │ gzip:   0.14 kB
dist/assets/SessionLivePage-CyWsFW9i.js             0.21 kB │ gzip:   0.17 kB
dist/assets/signup-DXb_6G6q.js                      0.30 kB │ gzip:   0.20 kB
dist/assets/useAuth-BIpz1vvF.js                     0.39 kB │ gzip:   0.24 kB
dist/assets/print-report-fX1GBVP9.js                0.44 kB │ gzip:   0.31 kB
dist/assets/clients-BM57VEpV.js                     0.44 kB │ gzip:   0.29 kB
dist/assets/video-CdUxWekN.js                       0.58 kB │ gzip:   0.38 kB
dist/assets/StatusBadge-z8xG-wOO.js                 0.64 kB │ gzip:   0.47 kB
dist/assets/upload-helper-acxScj6R.js               0.81 kB │ gzip:   0.54 kB
dist/assets/org-BZjvchY2.js                         0.88 kB │ gzip:   0.40 kB
dist/assets/client-profile-pj3Bwi_0.js              0.97 kB │ gzip:   0.52 kB
dist/assets/reminder-DbnFd7An.js                    1.10 kB │ gzip:   0.60 kB
dist/assets/ReportDetailPage-Cg0caGI8.js            1.20 kB │ gzip:   0.70 kB
dist/assets/OrgRemovedNoticeDialog-7fVYu5il.js      1.59 kB │ gzip:   0.94 kB
dist/assets/OtpInput-Cq_UntHA.js                    1.62 kB │ gzip:   0.89 kB
dist/assets/onboarding-h6ox3yvD.js                  1.69 kB │ gzip:   0.74 kB
dist/assets/admin-CQe0-FTZ.js                       1.82 kB │ gzip:   0.71 kB
dist/assets/NotificationCard-EGf2JU7a.js            1.91 kB │ gzip:   0.95 kB
dist/assets/ThemeToggle-rZZPRhE0.js                 2.09 kB │ gzip:   0.93 kB
dist/assets/DesignIndexPage-oj4UDfgW.js             2.16 kB │ gzip:   1.17 kB
dist/assets/session-CM7tyJww.js                     2.17 kB │ gzip:   0.77 kB
dist/assets/WebBluetoothProvider-CF4M79OG.js        2.19 kB │ gzip:   0.77 kB
dist/assets/checkin-DsoqB6q1.js                     2.39 kB │ gzip:   1.16 kB
dist/assets/RegisterPage-COtr8Vcs.js                2.45 kB │ gzip:   1.12 kB
dist/assets/MyRequestsPage-CZbMEI_1.js              2.50 kB │ gzip:   1.17 kB
dist/assets/useSessionLiveSocket-CDvB9WhO.js        2.68 kB │ gzip:   1.14 kB
dist/assets/ReportCoverSection-Bzz9Dkex.js          2.85 kB │ gzip:   1.27 kB
dist/assets/ReportSamplePage-BTqKu-90.js            2.92 kB │ gzip:   1.50 kB
dist/assets/ForgotPasswordPage-Bl_tHDzk.js          3.20 kB │ gzip:   1.33 kB
dist/assets/SubjectiveCheckinCard-KLTb4AX_.js       3.27 kB │ gzip:   1.33 kB
dist/assets/ClientInvitePage-CnsdTKPo.js            3.30 kB │ gzip:   1.51 kB
dist/assets/ParticipantPicker-BY2QQGed.js           3.78 kB │ gzip:   1.82 kB
dist/assets/ClientEssentialsPage-DjBnXgOO.js        3.98 kB │ gzip:   1.52 kB
dist/assets/OrgSearchPage-DLpFkdg4.js               4.12 kB │ gzip:   1.67 kB
dist/assets/MembershipInvitePage-tv8Qw5IK.js        4.19 kB │ gzip:   1.65 kB
dist/assets/ReportViewPage-Bf6saqC2.js              4.22 kB │ gzip:   1.91 kB
dist/assets/ClientProfilePage-CZtcNoWf.js           4.51 kB │ gzip:   1.62 kB
dist/assets/ResetPasswordPage-B77Ao6fr.js           4.55 kB │ gzip:   1.68 kB
dist/assets/NotificationCenterPage-BFIRHR9b.js      4.81 kB │ gzip:   1.88 kB
dist/assets/AdminReviewListPage-QhCT3YGG.js         5.02 kB │ gzip:   2.10 kB
dist/assets/InviteLandingPage-BQHGOYuz.js           5.74 kB │ gzip:   2.45 kB
dist/assets/CalendarView-C6b9AP31.js                5.74 kB │ gzip:   2.06 kB
dist/assets/SetPasswordPage-C4RroLbJ.js             5.82 kB │ gzip:   2.31 kB
dist/assets/ReportProgressStepper-B0XykiWQ.js       6.17 kB │ gzip:   2.62 kB
dist/assets/AppShell-D9c89gFF.js                    6.27 kB │ gzip:   2.26 kB
dist/assets/RegisterOrganizationPage-BUJplk-Q.js    6.53 kB │ gzip:   2.30 kB
dist/assets/socket-DdFKlvsJ.js                      6.54 kB │ gzip:   2.70 kB
dist/assets/EegTimeline-DZXiXAjc.js                 6.58 kB │ gzip:   2.71 kB
dist/assets/OrgManagementPage-Doiyz3a8.js           6.65 kB │ gzip:   2.36 kB
dist/assets/LoginPage-DcKKikr5.js                   7.67 kB │ gzip:   3.07 kB
dist/assets/CredentialDashboardPage-DYDIucrM.js     7.87 kB │ gzip:   2.76 kB
dist/assets/ClientListPage-JGO4ZhqG.js              8.55 kB │ gzip:   3.04 kB
dist/assets/CounselorOnboardingPage-CHtCe9Vx.js     8.76 kB │ gzip:   2.76 kB
dist/assets/useNotificationSocket-BUBTqk0l.js       8.88 kB │ gzip:   3.41 kB
dist/assets/resolve-narrative-BEvsGu9U.js           8.94 kB │ gzip:   3.40 kB
dist/assets/UserManagementPage-gQ9e89PP.js          9.04 kB │ gzip:   2.62 kB
dist/assets/AdminReviewDetailPage-BtlGImnU.js       9.36 kB │ gzip:   2.88 kB
dist/assets/SessionDetailPage-DJeVB2Fz.js           9.67 kB │ gzip:   3.01 kB
dist/assets/reports-BCAXkfMj.js                     9.86 kB │ gzip:   3.84 kB
dist/assets/ChatRoom-BuOqUoLn.js                   10.25 kB │ gzip:   4.08 kB
dist/assets/counselor-info-editor-C-9TkQ2x.js      10.46 kB │ gzip:   3.06 kB
dist/assets/RegisterCounselorPage-JRZCuYw2.js      10.64 kB │ gzip:   3.10 kB
dist/assets/DashboardPage-DN7-18VD.js              10.76 kB │ gzip:   3.12 kB
dist/assets/OrgPublicPage-S93zka1e.js              10.88 kB │ gzip:   3.23 kB
dist/assets/SignupApplicationsPage-BkaPfav2.js     11.09 kB │ gzip:   3.19 kB
dist/assets/SessionCreatePage-BeoLzsn7.js          12.13 kB │ gzip:   3.98 kB
dist/assets/ReportPage-eYHy4-Ww.js                 12.43 kB │ gzip:   3.70 kB
dist/assets/RegisterClientPage-DoISzu5u.js         13.03 kB │ gzip:   3.75 kB
dist/assets/OrgCounselorsPage-BJsd3_8g.js          13.70 kB │ gzip:   4.13 kB
dist/assets/HomepagePage-CqjFr1Rs.js               13.81 kB │ gzip:   4.19 kB
dist/assets/useChatSortPreference-CBWgF9Li.js      14.97 kB │ gzip:   5.11 kB
dist/assets/SessionRecordPage-DqqGObvA.js          16.08 kB │ gzip:   5.27 kB
dist/assets/ReportListPage-BSnOceHD.js             16.45 kB │ gzip:   4.88 kB
dist/assets/ClientOnboardingPage-DAU_UynL.js       17.63 kB │ gzip:   4.69 kB
dist/assets/NarrativeSections-ZkAMKKKP.js          17.69 kB │ gzip:   5.66 kB
dist/assets/ClientManagementPage-ZOOAncG8.js       18.60 kB │ gzip:   4.81 kB
dist/assets/OrgDashboardPage-ChNklSA4.js           21.15 kB │ gzip:   4.87 kB
dist/assets/DocsPage-CfHGZAfy.js                   26.18 kB │ gzip:   6.34 kB
dist/assets/ReportDetailView-BPTOK7I8.js           26.34 kB │ gzip:   8.51 kB
dist/assets/SettingsPage-CnrSGNvn.js               27.94 kB │ gzip:   5.50 kB
dist/assets/ChatPage-BHLY3jXV.js                   28.55 kB │ gzip:   8.58 kB
dist/assets/SessionListPage-D0e4IMex.js            29.25 kB │ gzip:   7.53 kB
dist/assets/UserAppPage-BZv-L7IT.js                30.52 kB │ gzip:   6.37 kB
dist/assets/OrgManagementPage-B_HUyHZc.js          41.20 kB │ gzip:  10.26 kB
dist/assets/OperatorAppPage-BIqDFnge.js            42.92 kB │ gzip:  10.79 kB
dist/assets/chat-DAU6aQyt.js                       47.44 kB │ gzip:  15.05 kB
dist/assets/ClientAppPage-Cy2nLGeS.js              71.11 kB │ gzip:  16.92 kB
dist/assets/class-join-page-C7jgfE2I.js            90.02 kB │ gzip:  24.80 kB
dist/assets/PlaygroundPage-Cjleyus5.js             90.56 kB │ gzip:  24.86 kB
dist/assets/useBand-DCSuN1SX.js                   101.76 kB │ gzip:  29.70 kB
dist/assets/ClassPlayerPage-BOxMUzwg.js           119.81 kB │ gzip:  32.78 kB
dist/assets/index-CRuBz_Tm.js                     336.94 kB │ gzip: 107.21 kB
dist/assets/LineChart-B9ugWNOV.js                 345.72 kB │ gzip: 101.74 kB
dist/assets/useWakeLock-DPHRHoSO.js               588.92 kB │ gzip: 159.40 kB

✓ built in 1.51s
[plugin builtin:vite-reporter] 
(!) Some chunks are larger than 500 kB after minification. Consider:
- Using dynamic import() to code-split the application
- Use build.rolldownOptions.output.codeSplitting to improve chunking: https://rolldown.rs/reference/OutputOptions.codeSplitting
- Adjust chunk size limit for this warning via build.chunkSizeWarningLimit.
