
> frontend@0.0.0 build
> tsc -b && vite build

vite v8.0.13 building client environment for production...
[2Ktransforming...Unable to resolve `@import "../design-system/build/outputs/css/tokens.css"` from /Volumes/Looxid SSD/looxid/repository/mindbreeze_2.0/frontend/src
✓ 820 modules transformed.
rendering chunks...
computing gzip size...
dist/index.html                                    0.84 kB │ gzip:   0.59 kB
dist/assets/style-DT1c674I.css                   134.46 kB │ gzip:  25.91 kB
dist/assets/dashboard-C0xUYYL7.js                  0.12 kB │ gzip:   0.11 kB
dist/assets/useAuth-D1Bvixa_.js                    0.39 kB │ gzip:   0.25 kB
dist/assets/clients-D1xAjDT6.js                    0.44 kB │ gzip:   0.29 kB
dist/assets/StatusBadge-BwhjgR2Q.js                0.59 kB │ gzip:   0.44 kB
dist/assets/org-_N02DXYa.js                        0.65 kB │ gzip:   0.34 kB
dist/assets/admin-DbNU9b66.js                      0.77 kB │ gzip:   0.41 kB
dist/assets/audio-BKCiWflf.js                      0.80 kB │ gzip:   0.50 kB
dist/assets/ConfirmDialog-C2NXWHJK.js              0.87 kB │ gzip:   0.47 kB
dist/assets/session-CKIARLhx.js                    1.26 kB │ gzip:   0.60 kB
dist/assets/socket-CGP2yjKQ.js                     1.60 kB │ gzip:   0.67 kB
dist/assets/onboarding-cbhbjAjj.js                 1.69 kB │ gzip:   0.74 kB
dist/assets/useSessionLiveSocket-C84v_6lO.js       1.80 kB │ gzip:   0.82 kB
dist/assets/ThemeToggle-BCo-9pXf.js                2.09 kB │ gzip:   0.94 kB
dist/assets/DesignIndexPage-CzLzcddd.js            2.16 kB │ gzip:   1.17 kB
dist/assets/WebBluetoothProvider-CF4M79OG.js       2.19 kB │ gzip:   0.77 kB
dist/assets/MyRequestsPage-CfoTXJwC.js             2.37 kB │ gzip:   1.08 kB
dist/assets/ReportCoverSection-DLGJyi7W.js         2.65 kB │ gzip:   1.18 kB
dist/assets/ReportSamplePage-CKxbYWQJ.js           2.84 kB │ gzip:   1.46 kB
dist/assets/ReportStatusBadge-BFRRnrpv.js          2.87 kB │ gzip:   1.24 kB
dist/assets/OrgRegisterPage-BYeZEufC.js            2.96 kB │ gzip:   1.39 kB
dist/assets/ClientInvitePage-C6txqCFH.js           2.99 kB │ gzip:   1.37 kB
dist/assets/ForgotPasswordPage-sURIl-19.js         3.20 kB │ gzip:   1.33 kB
dist/assets/ReportViewPage-8SRA2Akq.js             3.23 kB │ gzip:   1.47 kB
dist/assets/OrgSearchPage-BfTdvzOz.js              3.96 kB │ gzip:   1.60 kB
dist/assets/ClientEssentialsPage-Dt-fd-6X.js       3.98 kB │ gzip:   1.52 kB
dist/assets/OrgManagementPage-DR8Uv74E.js          4.21 kB │ gzip:   1.68 kB
dist/assets/ClientProfilePage-DwDTtzpi.js          4.47 kB │ gzip:   1.57 kB
dist/assets/ResetPasswordPage-B4jykSlF.js          4.54 kB │ gzip:   1.68 kB
dist/assets/AdminReviewListPage-DEKuZCuk.js        4.70 kB │ gzip:   2.01 kB
dist/assets/InviteLandingPage-Crejzw6n.js          5.31 kB │ gzip:   2.32 kB
dist/assets/NotificationCenterPage-D3hgc-lG.js     5.37 kB │ gzip:   2.13 kB
dist/assets/SetPasswordPage-Chr60_Q4.js            5.38 kB │ gzip:   2.17 kB
dist/assets/CalendarView-BO_MA3_O.js               5.74 kB │ gzip:   2.05 kB
dist/assets/SessionCreatePage-D_NPpyVf.js          5.74 kB │ gzip:   2.02 kB
dist/assets/reports-B5BWsWxj.js                    6.06 kB │ gzip:   2.35 kB
dist/assets/AppShell-v4juZLfb.js                   6.16 kB │ gzip:   2.20 kB
dist/assets/EegTimeline-DPllMIZv.js                6.44 kB │ gzip:   2.66 kB
dist/assets/ClientLoginPage-ByMrhy4-.js            7.03 kB │ gzip:   2.72 kB
dist/assets/CredentialDashboardPage-BtzRFbXF.js    7.38 kB │ gzip:   2.60 kB
dist/assets/LoginPage-DZMoAf0T.js                  7.60 kB │ gzip:   2.98 kB
dist/assets/ReportDetailPage-Ccvir_Vx.js           7.77 kB │ gzip:   3.00 kB
dist/assets/ChatRoom-C8xnfM69.js                   8.37 kB │ gzip:   3.38 kB
dist/assets/UserManagementPage-D0Ilordm.js         8.49 kB │ gzip:   2.50 kB
dist/assets/ClientListPage-CYWzgwsS.js             8.54 kB │ gzip:   3.03 kB
dist/assets/CounselorOnboardingPage-BvD0zV7T.js    8.69 kB │ gzip:   2.74 kB
dist/assets/AdminReviewDetailPage-BKVMsEum.js      9.32 kB │ gzip:   2.87 kB
dist/assets/OrgPublicPage-DcePQ9_7.js              9.34 kB │ gzip:   3.01 kB
dist/assets/ChatPage-CHRfX7RI.js                   9.67 kB │ gzip:   3.02 kB
dist/assets/DashboardPage-DNsgoRQY.js             10.20 kB │ gzip:   2.93 kB
dist/assets/chat-DK-iWDnG.js                      10.59 kB │ gzip:   4.13 kB
dist/assets/OrgManagementPage-CDJg6cG9.js         11.12 kB │ gzip:   2.83 kB
dist/assets/SessionDetailPage-b5Zm_1vI.js         11.67 kB │ gzip:   3.91 kB
dist/assets/ReportListPage-B1zbUzJ2.js            11.87 kB │ gzip:   3.72 kB
dist/assets/ReportPage-CvMh0kzv.js                12.43 kB │ gzip:   3.69 kB
dist/assets/RegisterPage-CO8FVCHb.js              12.91 kB │ gzip:   3.81 kB
dist/assets/SessionRecordPage-DI4psvoE.js         13.19 kB │ gzip:   4.33 kB
dist/assets/HomepagePage-DxDWxgzK.js              13.82 kB │ gzip:   4.20 kB
dist/assets/ClientOnboardingPage-CfN52n6-.js      17.63 kB │ gzip:   4.69 kB
dist/assets/SettingsPage-Bzo0mDG9.js              17.82 kB │ gzip:   4.22 kB
dist/assets/ClientManagementPage-fF7oWfYO.js      18.00 kB │ gzip:   4.72 kB
dist/assets/OrgDashboardPage-vVEYJPK3.js          19.87 kB │ gzip:   4.66 kB
dist/assets/NarrativeSections-CBIt6ACY.js         24.04 kB │ gzip:   7.75 kB
dist/assets/DocsPage-C8QzwQCw.js                  26.18 kB │ gzip:   6.34 kB
dist/assets/SessionListPage-DLUlrdO-.js           27.02 kB │ gzip:   6.65 kB
dist/assets/UserAppPage-BKpv9LYn.js               30.52 kB │ gzip:   6.37 kB
dist/assets/esm-ClQNh8uw.js                       41.15 kB │ gzip:  12.84 kB
dist/assets/class-join-page-DvfocCR4.js           42.72 kB │ gzip:  11.78 kB
dist/assets/OperatorAppPage-IpggRRUH.js           42.92 kB │ gzip:  10.79 kB
dist/assets/ClientAppPage-fFrGGrVw.js             58.32 kB │ gzip:  13.95 kB
dist/assets/PlaygroundPage-CPizoYx9.js            90.54 kB │ gzip:  24.85 kB
dist/assets/useBand-C0tf2E5J.js                  101.64 kB │ gzip:  29.65 kB
dist/assets/index-BZENwx1t.js                    277.77 kB │ gzip:  88.62 kB
dist/assets/LineChart-bpg6EX2L.js                345.72 kB │ gzip: 101.74 kB
dist/assets/SessionLivePage-CdPwU63J.js          615.75 kB │ gzip: 166.80 kB

✓ built in 1.29s
[plugin builtin:vite-reporter] 
(!) Some chunks are larger than 500 kB after minification. Consider:
- Using dynamic import() to code-split the application
- Use build.rolldownOptions.output.codeSplitting to improve chunking: https://rolldown.rs/reference/OutputOptions.codeSplitting
- Adjust chunk size limit for this warning via build.chunkSizeWarningLimit.
